#-----------------------------------------------------------
# Webtalk v2020.2 (64-bit)
# SW Build 3064766 on Wed Nov 18 09:12:45 MST 2020
# IP Build 3064653 on Wed Nov 18 14:17:31 MST 2020
# Start of session at: Tue Mar 24 21:44:42 2026
# Process ID: 25464
# Current directory: D:/01-Codes/XilinxCode/Vernier_tdc/v4_carry4_tdc/prj/v4_carry4_tdc_1.sim/sim_1/behav/xsim
# Command line: wbtcv.exe -mode batch -source D:/01-Codes/XilinxCode/Vernier_tdc/v4_carry4_tdc/prj/v4_carry4_tdc_1.sim/sim_1/behav/xsim/xsim.dir/tdc_top_carry4_behav/webtalk/xsim_webtalk.tcl -notrace
# Log file: D:/01-Codes/XilinxCode/Vernier_tdc/v4_carry4_tdc/prj/v4_carry4_tdc_1.sim/sim_1/behav/xsim/webtalk.log
# Journal file: D:/01-Codes/XilinxCode/Vernier_tdc/v4_carry4_tdc/prj/v4_carry4_tdc_1.sim/sim_1/behav/xsim\webtalk.jou
#-----------------------------------------------------------
source D:/01-Codes/XilinxCode/Vernier_tdc/v4_carry4_tdc/prj/v4_carry4_tdc_1.sim/sim_1/behav/xsim/xsim.dir/tdc_top_carry4_behav/webtalk/xsim_webtalk.tcl -notrace
